2021-12-24 20:09:18,820:INFO:flipkrat.py:Url hitted
2021-12-24 20:09:19,036:INFO:flipkrat.py:login popup handled
2021-12-24 20:09:19,319:INFO:flipkrat.py:Search begins for iphone
2021-12-24 20:09:23,200:INFO:flipkrat.py:Data saved in scrapper file
2021-12-24 20:16:18,582:INFO:flipkrat.py:Url hitted
2021-12-24 20:16:18,892:INFO:flipkrat.py:login popup handled
2021-12-24 20:16:19,363:INFO:flipkrat.py:Search begins for iphone
2021-12-24 20:16:23,302:INFO:flipkrat.py:Data saved in scrapper file
2021-12-24 20:17:30,170:INFO:flipkrat.py:Url hitted
2021-12-24 20:17:30,392:INFO:flipkrat.py:login popup handled
2021-12-24 20:17:30,669:INFO:flipkrat.py:Search begins for samsung
2021-12-24 20:17:33,988:INFO:flipkrat.py:data saved in scrapper file
